---
source: cargo-dist/tests/gallery/dist/snapshot.rs
expression: self.payload
---
================ axolotl-brew.rb ================
class AxolotlBrew < Formula
  desc "ðŸ’¬ a CLI for learning to distribute CLIs in rust"
  homepage "https://github.com/axodotdev/axolotlsay"
  version "0.2.2"
  if OS.mac?
    if Hardware::CPU.arm?
      url "https://github.com/axodotdev/axolotlsay/releases/download/v0.2.2/axolotlsay-aarch64-apple-darwin.tar.gz"
    end
    if Hardware::CPU.intel?
      url "https://github.com/axodotdev/axolotlsay/releases/download/v0.2.2/axolotlsay-x86_64-apple-darwin.tar.gz"
    end
  end
  if OS.linux?
    if Hardware::CPU.intel?
      url "https://github.com/axodotdev/axolotlsay/releases/download/v0.2.2/axolotlsay-x86_64-unknown-linux-gnu.tar.gz"
    end
  end
  license any_of: ["MIT", "Apache-2.0"]

  BINARY_ALIASES = {
    "aarch64-apple-darwin": {},
    "x86_64-apple-darwin": {},
    "x86_64-pc-windows-gnu": {},
    "x86_64-unknown-linux-gnu": {}
  }

  def target_triple
    cpu = Hardware::CPU.arm? ? "aarch64" : "x86_64"
    os = OS.mac? ? "apple-darwin" : "unknown-linux-gnu"

    "#{cpu}-#{os}"
  end

  def install_binary_aliases!
    BINARY_ALIASES[target_triple.to_sym].each do |source, dests|
      dests.each do |dest|
        bin.install_symlink bin/source.to_s => dest
      end
    end
  end

  def install
    if OS.mac? && Hardware::CPU.arm?
      bin.install "axolotlsay"
    end
    if OS.mac? && Hardware::CPU.intel?
      bin.install "axolotlsay"
    end
    if OS.linux? && Hardware::CPU.intel?
      bin.install "axolotlsay"
    end

    install_binary_aliases!

    # Homebrew will automatically install these, so we don't need to do that
    doc_files = Dir["README.*", "readme.*", "LICENSE", "LICENSE.*", "CHANGELOG.*"]
    leftover_contents = Dir["*"] - doc_files

    # Install any leftover files in pkgshare; these are probably config or
    # sample files.
    pkgshare.install(*leftover_contents) unless leftover_contents.empty?
  end
end

================ sha256.sum ================
CENSORED (see https://github.com/axodotdev/cargo-dist/issues/1477)  source.tar.gz


================ dist-manifest.json ================
{
  "dist_version": "CENSORED",
  "announcement_tag": "v0.2.2",
  "announcement_tag_is_implicit": true,
  "announcement_is_prerelease": false,
  "announcement_title": "Version 0.2.2",
  "announcement_changelog": "```text\n         +----------------------------------+\n         | now with arm64 linux binaries!!! |\n         +----------------------------------+\n        /\nâ‰½(â—• á´— â—•)â‰¼\n```",
  "announcement_github_body": "## Release Notes\n\n```text\n         +----------------------------------+\n         | now with arm64 linux binaries!!! |\n         +----------------------------------+\n        /\nâ‰½(â—• á´— â—•)â‰¼\n```\n\n## Install axolotlsay 0.2.2\n\n### Install prebuilt binaries via Homebrew\n\n```sh\nbrew install axodotdev/packages/axolotl-brew\n```\n\n## Download axolotlsay 0.2.2\n\n|  File  | Platform | Checksum |\n|--------|----------|----------|\n| [axolotlsay-aarch64-apple-darwin.tar.gz](https://github.com/axodotdev/axolotlsay/releases/download/v0.2.2/axolotlsay-aarch64-apple-darwin.tar.gz) | Apple Silicon macOS | [checksum](https://github.com/axodotdev/axolotlsay/releases/download/v0.2.2/axolotlsay-aarch64-apple-darwin.tar.gz.sha256) |\n| [axolotlsay-x86_64-apple-darwin.tar.gz](https://github.com/axodotdev/axolotlsay/releases/download/v0.2.2/axolotlsay-x86_64-apple-darwin.tar.gz) | Intel macOS | [checksum](https://github.com/axodotdev/axolotlsay/releases/download/v0.2.2/axolotlsay-x86_64-apple-darwin.tar.gz.sha256) |\n| [axolotlsay-x86_64-pc-windows-msvc.tar.gz](https://github.com/axodotdev/axolotlsay/releases/download/v0.2.2/axolotlsay-x86_64-pc-windows-msvc.tar.gz) | x64 Windows | [checksum](https://github.com/axodotdev/axolotlsay/releases/download/v0.2.2/axolotlsay-x86_64-pc-windows-msvc.tar.gz.sha256) |\n| [axolotlsay-x86_64-unknown-linux-gnu.tar.gz](https://github.com/axodotdev/axolotlsay/releases/download/v0.2.2/axolotlsay-x86_64-unknown-linux-gnu.tar.gz) | x64 Linux | [checksum](https://github.com/axodotdev/axolotlsay/releases/download/v0.2.2/axolotlsay-x86_64-unknown-linux-gnu.tar.gz.sha256) |\n\n",
  "releases": [
    {
      "app_name": "axolotlsay",
      "app_version": "0.2.2",
      "env": {
        "install_dir_env_var": "AXOLOTLSAY_INSTALL_DIR",
        "unmanaged_dir_env_var": "AXOLOTLSAY_UNMANAGED_INSTALL",
        "disable_update_env_var": "AXOLOTLSAY_DISABLE_UPDATE",
        "no_modify_path_env_var": "AXOLOTLSAY_NO_MODIFY_PATH",
        "github_base_url_env_var": "AXOLOTLSAY_INSTALLER_GITHUB_BASE_URL",
        "ghe_base_url_env_var": "AXOLOTLSAY_INSTALLER_GHE_BASE_URL"
      },
      "display_name": "axolotlsay",
      "display": true,
      "artifacts": [
        "source.tar.gz",
        "source.tar.gz.sha256",
        "axolotl-brew.rb",
        "sha256.sum",
        "axolotlsay-aarch64-apple-darwin.tar.gz",
        "axolotlsay-aarch64-apple-darwin.tar.gz.sha256",
        "axolotlsay-x86_64-apple-darwin.tar.gz",
        "axolotlsay-x86_64-apple-darwin.tar.gz.sha256",
        "axolotlsay-x86_64-pc-windows-msvc.tar.gz",
        "axolotlsay-x86_64-pc-windows-msvc.tar.gz.sha256",
        "axolotlsay-x86_64-unknown-linux-gnu.tar.gz",
        "axolotlsay-x86_64-unknown-linux-gnu.tar.gz.sha256"
      ],
      "hosting": {
        "github": {
          "artifact_base_url": "https://github.com",
          "artifact_download_path": "/axodotdev/axolotlsay/releases/download/v0.2.2",
          "owner": "axodotdev",
          "repo": "axolotlsay"
        }
      }
    }
  ],
  "artifacts": {
    "axolotl-brew.rb": {
      "name": "axolotl-brew.rb",
      "kind": "installer",
      "target_triples": [
        "aarch64-apple-darwin",
        "x86_64-apple-darwin",
        "x86_64-pc-windows-gnu",
        "x86_64-unknown-linux-gnu"
      ],
      "install_hint": "brew install axodotdev/packages/axolotl-brew",
      "description": "Install prebuilt binaries via Homebrew"
    },
    "axolotlsay-aarch64-apple-darwin.tar.gz": {
      "name": "axolotlsay-aarch64-apple-darwin.tar.gz",
      "kind": "executable-zip",
      "target_triples": [
        "aarch64-apple-darwin"
      ],
      "assets": [
        {
          "name": "CHANGELOG.md",
          "path": "CHANGELOG.md",
          "kind": "changelog"
        },
        {
          "name": "LICENSE-APACHE",
          "path": "LICENSE-APACHE",
          "kind": "license"
        },
        {
          "name": "LICENSE-MIT",
          "path": "LICENSE-MIT",
          "kind": "license"
        },
        {
          "name": "README.md",
          "path": "README.md",
          "kind": "readme"
        },
        {
          "id": "axolotlsay-aarch64-apple-darwin-exe-axolotlsay",
          "name": "axolotlsay",
          "path": "axolotlsay",
          "kind": "executable"
        }
      ],
      "checksum": "axolotlsay-aarch64-apple-darwin.tar.gz.sha256"
    },
    "axolotlsay-aarch64-apple-darwin.tar.gz.sha256": {
      "name": "axolotlsay-aarch64-apple-darwin.tar.gz.sha256",
      "kind": "checksum",
      "target_triples": [
        "aarch64-apple-darwin"
      ]
    },
    "axolotlsay-x86_64-apple-darwin.tar.gz": {
      "name": "axolotlsay-x86_64-apple-darwin.tar.gz",
      "kind": "executable-zip",
      "target_triples": [
        "x86_64-apple-darwin"
      ],
      "assets": [
        {
          "name": "CHANGELOG.md",
          "path": "CHANGELOG.md",
          "kind": "changelog"
        },
        {
          "name": "LICENSE-APACHE",
          "path": "LICENSE-APACHE",
          "kind": "license"
        },
        {
          "name": "LICENSE-MIT",
          "path": "LICENSE-MIT",
          "kind": "license"
        },
        {
          "name": "README.md",
          "path": "README.md",
          "kind": "readme"
        },
        {
          "id": "axolotlsay-x86_64-apple-darwin-exe-axolotlsay",
          "name": "axolotlsay",
          "path": "axolotlsay",
          "kind": "executable"
        }
      ],
      "checksum": "axolotlsay-x86_64-apple-darwin.tar.gz.sha256"
    },
    "axolotlsay-x86_64-apple-darwin.tar.gz.sha256": {
      "name": "axolotlsay-x86_64-apple-darwin.tar.gz.sha256",
      "kind": "checksum",
      "target_triples": [
        "x86_64-apple-darwin"
      ]
    },
    "axolotlsay-x86_64-pc-windows-msvc.tar.gz": {
      "name": "axolotlsay-x86_64-pc-windows-msvc.tar.gz",
      "kind": "executable-zip",
      "target_triples": [
        "x86_64-pc-windows-msvc"
      ],
      "assets": [
        {
          "name": "CHANGELOG.md",
          "path": "CHANGELOG.md",
          "kind": "changelog"
        },
        {
          "name": "LICENSE-APACHE",
          "path": "LICENSE-APACHE",
          "kind": "license"
        },
        {
          "name": "LICENSE-MIT",
          "path": "LICENSE-MIT",
          "kind": "license"
        },
        {
          "name": "README.md",
          "path": "README.md",
          "kind": "readme"
        },
        {
          "id": "axolotlsay-x86_64-pc-windows-msvc-exe-axolotlsay",
          "name": "axolotlsay",
          "path": "axolotlsay.exe",
          "kind": "executable"
        }
      ],
      "checksum": "axolotlsay-x86_64-pc-windows-msvc.tar.gz.sha256"
    },
    "axolotlsay-x86_64-pc-windows-msvc.tar.gz.sha256": {
      "name": "axolotlsay-x86_64-pc-windows-msvc.tar.gz.sha256",
      "kind": "checksum",
      "target_triples": [
        "x86_64-pc-windows-msvc"
      ]
    },
    "axolotlsay-x86_64-unknown-linux-gnu.tar.gz": {
      "name": "axolotlsay-x86_64-unknown-linux-gnu.tar.gz",
      "kind": "executable-zip",
      "target_triples": [
        "x86_64-unknown-linux-gnu"
      ],
      "assets": [
        {
          "name": "CHANGELOG.md",
          "path": "CHANGELOG.md",
          "kind": "changelog"
        },
        {
          "name": "LICENSE-APACHE",
          "path": "LICENSE-APACHE",
          "kind": "license"
        },
        {
          "name": "LICENSE-MIT",
          "path": "LICENSE-MIT",
          "kind": "license"
        },
        {
          "name": "README.md",
          "path": "README.md",
          "kind": "readme"
        },
        {
          "id": "axolotlsay-x86_64-unknown-linux-gnu-exe-axolotlsay",
          "name": "axolotlsay",
          "path": "axolotlsay",
          "kind": "executable"
        }
      ],
      "checksum": "axolotlsay-x86_64-unknown-linux-gnu.tar.gz.sha256"
    },
    "axolotlsay-x86_64-unknown-linux-gnu.tar.gz.sha256": {
      "name": "axolotlsay-x86_64-unknown-linux-gnu.tar.gz.sha256",
      "kind": "checksum",
      "target_triples": [
        "x86_64-unknown-linux-gnu"
      ]
    },
    "sha256.sum": {
      "name": "sha256.sum",
      "kind": "unified-checksum"
    },
    "source.tar.gz": {
      "name": "source.tar.gz",
      "kind": "source-tarball",
      "checksum": "source.tar.gz.sha256"
    },
    "source.tar.gz.sha256": {
      "name": "source.tar.gz.sha256",
      "kind": "checksum"
    }
  },
  "systems": {
    "plan:all:": {
      "id": "plan:all:",
      "cargo_version_line": "CENSORED"
      "build_environment": "indeterminate"
    }
  },
  "publish_prereleases": false,
  "force_latest": false,
  "ci": {
    "github": {
      "artifacts_matrix": {
        "include": [
          {
            "runner": "macos-13",
            "host": "x86_64-apple-darwin",
            "install_dist": {
              "shell": "sh",
              "run": "curl --proto '=https' --tlsv1.2 -LsSf https://github.com/axodotdev/cargo-dist/releases/download/vSOME_VERSION/cargo-dist-installer.sh | sh"
            },
            "dist_args": "--artifacts=local --target=aarch64-apple-darwin",
            "targets": [
              "aarch64-apple-darwin"
            ],
            "cache_provider": "github"
          },
          {
            "runner": "macos-13",
            "host": "x86_64-apple-darwin",
            "install_dist": {
              "shell": "sh",
              "run": "curl --proto '=https' --tlsv1.2 -LsSf https://github.com/axodotdev/cargo-dist/releases/download/vSOME_VERSION/cargo-dist-installer.sh | sh"
            },
            "dist_args": "--artifacts=local --target=x86_64-apple-darwin",
            "targets": [
              "x86_64-apple-darwin"
            ],
            "cache_provider": "github"
          },
          {
            "runner": "windows-2022",
            "host": "x86_64-pc-windows-msvc",
            "install_dist": {
              "shell": "pwsh",
              "run": "irm https://github.com/axodotdev/cargo-dist/releases/download/vSOME_VERSION/cargo-dist-installer.ps1 | iex"
            },
            "dist_args": "--artifacts=local --target=x86_64-pc-windows-msvc",
            "targets": [
              "x86_64-pc-windows-msvc"
            ],
            "cache_provider": "github"
          },
          {
            "runner": "ubuntu-22.04",
            "host": "x86_64-unknown-linux-gnu",
            "install_dist": {
              "shell": "sh",
              "run": "curl --proto '=https' --tlsv1.2 -LsSf https://github.com/axodotdev/cargo-dist/releases/download/vSOME_VERSION/cargo-dist-installer.sh | sh"
            },
            "dist_args": "--artifacts=local --target=x86_64-unknown-linux-gnu",
            "targets": [
              "x86_64-unknown-linux-gnu"
            ],
            "cache_provider": "github"
          }
        ]
      },
      "pr_run_mode": "plan"
    }
  },
  "linkage": [],
  "upload_files": []
}

================ release.yml ================
# This file was autogenerated by dist: https://axodotdev.github.io/cargo-dist
#
# Copyright 2022-2024, axodotdev
# SPDX-License-Identifier: MIT or Apache-2.0
#
# CI that:
#
# * checks for a Git Tag that looks like a release
# * builds artifacts with dist (archives, installers, hashes)
# * uploads those artifacts to temporary workflow zip
# * on success, uploads the artifacts to a GitHub Release
#
# Note that the GitHub Release will be created with a generated
# title/body based on your changelogs.

name: Release
permissions:
  "contents": "write"

# This task will run whenever you push to "production"
on:
  pull_request:
  push:
    branches:
      - "production"

# don't let multiple instances of this run at the same time on the release branch
concurrency:
  group: ${{ github.workflow }}-${{ github.head_ref || github.ref }}

jobs:
  # Run 'dist plan' (or host) to determine what tasks we need to do
  plan:
    runs-on: "ubuntu-22.04"
    outputs:
      val: ${{ steps.plan.outputs.manifest }}
      tag: ${{ steps.plan.outputs.tag }}
      tag-flag: ${{ steps.plan.outputs.tag-flag }}
      publishing: ${{ !github.event.pull_request }}
    env:
      GH_TOKEN: ${{ secrets.GITHUB_TOKEN }}
    steps:
      - uses: actions/checkout@v4
        with:
          persist-credentials: false
          submodules: recursive
      - name: Install dist
        # we specify bash to get pipefail; it guards against the `curl` command
        # failing. otherwise `sh` won't catch that `curl` returned non-0
        shell: bash
        run: "curl --proto '=https' --tlsv1.2 -LsSf https://github.com/axodotdev/cargo-dist/releases/download/vSOME_VERSION/cargo-dist-installer.sh | sh"
      - name: Cache dist
        uses: actions/upload-artifact@v4
        with:
          name: cargo-dist-cache
          path: ~/.cargo/bin/dist
      # sure would be cool if github gave us proper conditionals...
      # so here's a doubly-nested ternary-via-truthiness to try to provide the best possible
      # functionality based on whether this is a pull_request, and whether it's from a fork.
      # (PRs run on the *source* but secrets are usually on the *target* -- that's *good*
      # but also really annoying to build CI around when it needs secrets to work right.)
      - id: plan
        run: |
          dist ${{ (!github.event.pull_request && 'host --steps=create --tag=timestamp --force-tag') || 'plan' }} --output-format=json > plan-dist-manifest.json
          echo "dist ran successfully"
          cat plan-dist-manifest.json
          echo "manifest=$(jq -c "." plan-dist-manifest.json)" >> "$GITHUB_OUTPUT"
          echo "tag=$(jq --raw-output ".announcement_tag" plan-dist-manifest.json)" >> "$GITHUB_OUTPUT"
          echo "tag-flag=--tag=$(jq --raw-output ".announcement_tag" plan-dist-manifest.json) --force-tag" >> "$GITHUB_OUTPUT"
      - name: "Upload dist-manifest.json"
        uses: actions/upload-artifact@v4
        with:
          name: artifacts-plan-dist-manifest
          path: plan-dist-manifest.json

  # Build and packages all the platform-specific things
  build-local-artifacts:
    name: build-local-artifacts (${{ join(matrix.targets, ', ') }})
    # Let the initial task tell us to not run (currently very blunt)
    needs:
      - plan
    if: ${{ fromJson(needs.plan.outputs.val).ci.github.artifacts_matrix.include != null && (needs.plan.outputs.publishing == 'true' || fromJson(needs.plan.outputs.val).ci.github.pr_run_mode == 'upload') }}
    strategy:
      fail-fast: false
      # Target platforms/runners are computed by dist in create-release.
      # Each member of the matrix has the following arguments:
      #
      # - runner: the github runner
      # - dist-args: cli flags to pass to dist
      # - install-dist: expression to run to install dist on the runner
      #
      # Typically there will be:
      # - 1 "global" task that builds universal installers
      # - N "local" tasks that build each platform's binaries and platform-specific installers
      matrix: ${{ fromJson(needs.plan.outputs.val).ci.github.artifacts_matrix }}
    runs-on: ${{ matrix.runner }}
    container: ${{ matrix.container && matrix.container.image || null }}
    env:
      GH_TOKEN: ${{ secrets.GITHUB_TOKEN }}
      BUILD_MANIFEST_NAME: target/distrib/${{ join(matrix.targets, '-') }}-dist-manifest.json
    steps:
      - name: enable windows longpaths
        run: |
          git config --global core.longpaths true
      - uses: actions/checkout@v4
        with:
          persist-credentials: false
          submodules: recursive
      - name: Install Rust non-interactively if not already installed
        if: ${{ matrix.container }}
        run: |
          if ! command -v cargo > /dev/null 2>&1; then
            curl --proto '=https' --tlsv1.2 -sSf https://sh.rustup.rs | sh -s -- -y
            echo "$HOME/.cargo/bin" >> $GITHUB_PATH
          fi
      - uses: swatinem/rust-cache@v2
        with:
          key: ${{ join(matrix.targets, '-') }}
          cache-provider: ${{ matrix.cache_provider }}
      - name: Install dist
        run: ${{ matrix.install_dist.run }}
      # Get the dist-manifest
      - name: Fetch local artifacts
        uses: actions/download-artifact@v4
        with:
          pattern: artifacts-*
          path: target/distrib/
          merge-multiple: true
      - name: Install dependencies
        run: |
          ${{ matrix.packages_install }}
      - name: Build artifacts
        run: |
          # Actually do builds and make zips and whatnot
          dist build ${{ needs.plan.outputs.tag-flag }} --print=linkage --output-format=json ${{ matrix.dist_args }} > dist-manifest.json
          echo "dist ran successfully"
      - id: cargo-dist
        name: Post-build
        # We force bash here just because github makes it really hard to get values up
        # to "real" actions without writing to env-vars, and writing to env-vars has
        # inconsistent syntax between shell and powershell.
        shell: bash
        run: |
          # Parse out what we just built and upload it to scratch storage
          echo "paths<<EOF" >> "$GITHUB_OUTPUT"
          dist print-upload-files-from-manifest --manifest dist-manifest.json >> "$GITHUB_OUTPUT"
          echo "EOF" >> "$GITHUB_OUTPUT"

          cp dist-manifest.json "$BUILD_MANIFEST_NAME"
      - name: "Upload artifacts"
        uses: actions/upload-artifact@v4
        with:
          name: artifacts-build-local-${{ join(matrix.targets, '_') }}
          path: |
            ${{ steps.cargo-dist.outputs.paths }}
            ${{ env.BUILD_MANIFEST_NAME }}

  # Build and package all the platform-agnostic(ish) things
  build-global-artifacts:
    needs:
      - plan
      - build-local-artifacts
    runs-on: "ubuntu-22.04"
    env:
      GH_TOKEN: ${{ secrets.GITHUB_TOKEN }}
      BUILD_MANIFEST_NAME: target/distrib/global-dist-manifest.json
    steps:
      - uses: actions/checkout@v4
        with:
          persist-credentials: false
          submodules: recursive
      - name: Install cached dist
        uses: actions/download-artifact@v4
        with:
          name: cargo-dist-cache
          path: ~/.cargo/bin/
      - run: chmod +x ~/.cargo/bin/dist
      # Get all the local artifacts for the global tasks to use (for e.g. checksums)
      - name: Fetch local artifacts
        uses: actions/download-artifact@v4
        with:
          pattern: artifacts-*
          path: target/distrib/
          merge-multiple: true
      - id: cargo-dist
        shell: bash
        run: |
          dist build ${{ needs.plan.outputs.tag-flag }} --output-format=json "--artifacts=global" > dist-manifest.json
          echo "dist ran successfully"

          # Parse out what we just built and upload it to scratch storage
          echo "paths<<EOF" >> "$GITHUB_OUTPUT"
          jq --raw-output ".upload_files[]" dist-manifest.json >> "$GITHUB_OUTPUT"
          echo "EOF" >> "$GITHUB_OUTPUT"

          cp dist-manifest.json "$BUILD_MANIFEST_NAME"
      - name: "Upload artifacts"
        uses: actions/upload-artifact@v4
        with:
          name: artifacts-build-global
          path: |
            ${{ steps.cargo-dist.outputs.paths }}
            ${{ env.BUILD_MANIFEST_NAME }}
  # Determines if we should publish/announce
  host:
    needs:
      - plan
      - build-local-artifacts
      - build-global-artifacts
    # Only run if we're "publishing", and only if local and global didn't fail (skipped is fine)
    if: ${{ always() && needs.plan.outputs.publishing == 'true' && (needs.build-global-artifacts.result == 'skipped' || needs.build-global-artifacts.result == 'success') && (needs.build-local-artifacts.result == 'skipped' || needs.build-local-artifacts.result == 'success') }}
    env:
      GH_TOKEN: ${{ secrets.GITHUB_TOKEN }}
    runs-on: "ubuntu-22.04"
    outputs:
      val: ${{ steps.host.outputs.manifest }}
    steps:
      - uses: actions/checkout@v4
        with:
          persist-credentials: false
          submodules: recursive
      - name: Install cached dist
        uses: actions/download-artifact@v4
        with:
          name: cargo-dist-cache
          path: ~/.cargo/bin/
      - run: chmod +x ~/.cargo/bin/dist
      # Fetch artifacts from scratch-storage
      - name: Fetch artifacts
        uses: actions/download-artifact@v4
        with:
          pattern: artifacts-*
          path: target/distrib/
          merge-multiple: true
      - id: host
        shell: bash
        run: |
          dist host ${{ needs.plan.outputs.tag-flag }} --steps=upload --steps=release --output-format=json > dist-manifest.json
          echo "artifacts uploaded and released successfully"
          cat dist-manifest.json
          echo "manifest=$(jq -c "." dist-manifest.json)" >> "$GITHUB_OUTPUT"
      - name: "Upload dist-manifest.json"
        uses: actions/upload-artifact@v4
        with:
          # Overwrite the previous copy
          name: artifacts-dist-manifest
          path: dist-manifest.json
      # Create a GitHub Release while uploading all files to it
      - name: "Download GitHub Artifacts"
        uses: actions/download-artifact@v4
        with:
          pattern: artifacts-*
          path: artifacts
          merge-multiple: true
      - name: Cleanup
        run: |
          # Remove the granular manifests
          rm -f artifacts/*-dist-manifest.json
      - name: Create GitHub Release
        env:
          PRERELEASE_FLAG: "${{ fromJson(steps.host.outputs.manifest).announcement_is_prerelease && '--prerelease' || '' }}"
          ANNOUNCEMENT_TITLE: "${{ fromJson(steps.host.outputs.manifest).announcement_title }}"
          ANNOUNCEMENT_BODY: "${{ fromJson(steps.host.outputs.manifest).announcement_github_body }}"
          RELEASE_COMMIT: "${{ github.sha }}"
        run: |
          # Write and read notes from a file to avoid quoting breaking things
          echo "$ANNOUNCEMENT_BODY" > $RUNNER_TEMP/notes.txt

          gh release create "${{ needs.plan.outputs.tag }}" --target "$RELEASE_COMMIT" $PRERELEASE_FLAG --title "$ANNOUNCEMENT_TITLE" --notes-file "$RUNNER_TEMP/notes.txt" artifacts/*

  publish-homebrew-formula:
    needs:
      - plan
      - host
    runs-on: "ubuntu-22.04"
    env:
      GH_TOKEN: ${{ secrets.GITHUB_TOKEN }}
      PLAN: ${{ needs.plan.outputs.val }}
      GITHUB_USER: "axo bot"
      GITHUB_EMAIL: "admin+bot@axo.dev"
    if: ${{ !fromJson(needs.plan.outputs.val).announcement_is_prerelease || fromJson(needs.plan.outputs.val).publish_prereleases }}
    steps:
      - uses: actions/checkout@v4
        with:
          persist-credentials: true
          repository: "axodotdev/homebrew-packages"
          token: ${{ secrets.HOMEBREW_TAP_TOKEN }}
      # So we have access to the formula
      - name: Fetch homebrew formulae
        uses: actions/download-artifact@v4
        with:
          pattern: artifacts-*
          path: Formula/
          merge-multiple: true
      # This is extra complex because you can make your Formula name not match your app name
      # so we need to find releases with a *.rb file, and publish with that filename.
      - name: Commit formula files
        run: |
          git config --global user.name "${GITHUB_USER}"
          git config --global user.email "${GITHUB_EMAIL}"

          for release in $(echo "$PLAN" | jq --compact-output '.releases[] | select([.artifacts[] | endswith(".rb")] | any)'); do
            filename=$(echo "$release" | jq '.artifacts[] | select(endswith(".rb"))' --raw-output)
            name=$(echo "$filename" | sed "s/\.rb$//")
            version=$(echo "$release" | jq .app_version --raw-output)

            export PATH="/home/linuxbrew/.linuxbrew/bin:$PATH"
            brew update
            # We avoid reformatting user-provided data such as the app description and homepage.
            brew style --except-cops FormulaAudit/Homepage,FormulaAudit/Desc,FormulaAuditStrict --fix "Formula/${filename}" || true

            git add "Formula/${filename}"
            git commit -m "${name} ${version}"
          done
          git push

  announce:
    needs:
      - plan
      - host
      - publish-homebrew-formula
    # use "always() && ..." to allow us to wait for all publish jobs while
    # still allowing individual publish jobs to skip themselves (for prereleases).
    # "host" however must run to completion, no skipping allowed!
    if: ${{ always() && needs.host.result == 'success' && (needs.publish-homebrew-formula.result == 'skipped' || needs.publish-homebrew-formula.result == 'success') }}
    runs-on: "ubuntu-22.04"
    env:
      GH_TOKEN: ${{ secrets.GITHUB_TOKEN }}
    steps:
      - uses: actions/checkout@v4
        with:
          persist-credentials: false
          submodules: recursive
