---
source: cargo-dist/tests/gallery/dist/snapshot.rs
expression: self.payload
---
================ sha256.sum ================
CENSORED (see https://github.com/axodotdev/cargo-dist/issues/1477)  source.tar.gz


================ dist-manifest.json ================
{
  "dist_version": "CENSORED",
  "announcement_tag": "v0.2.2",
  "announcement_tag_is_implicit": true,
  "announcement_is_prerelease": false,
  "announcement_title": "Version 0.2.2",
  "announcement_changelog": "```text\n         +----------------------------------+\n         | now with arm64 linux binaries!!! |\n         +----------------------------------+\n        /\n≽(◕ ᴗ ◕)≼\n```",
  "releases": [
    {
      "app_name": "axolotlsay",
      "app_version": "0.2.2",
      "env": {
        "install_dir_env_var": "AXOLOTLSAY_INSTALL_DIR",
        "unmanaged_dir_env_var": "AXOLOTLSAY_UNMANAGED_INSTALL",
        "disable_update_env_var": "AXOLOTLSAY_DISABLE_UPDATE",
        "no_modify_path_env_var": "AXOLOTLSAY_NO_MODIFY_PATH",
        "github_base_url_env_var": "AXOLOTLSAY_INSTALLER_GITHUB_BASE_URL",
        "ghe_base_url_env_var": "AXOLOTLSAY_INSTALLER_GHE_BASE_URL"
      },
      "display_name": "axolotlsay",
      "display": true,
      "artifacts": [
        "source.tar.gz",
        "source.tar.gz.sha256",
        "sha256.sum",
        "axolotlsay-aarch64-apple-darwin.tar.xz",
        "axolotlsay-aarch64-apple-darwin.tar.xz.sha256",
        "axolotlsay-x86_64-apple-darwin.tar.xz",
        "axolotlsay-x86_64-apple-darwin.tar.xz.sha256",
        "axolotlsay-x86_64-pc-windows-msvc.zip",
        "axolotlsay-x86_64-pc-windows-msvc.zip.sha256",
        "axolotlsay-x86_64-unknown-linux-gnu.tar.xz",
        "axolotlsay-x86_64-unknown-linux-gnu.tar.xz.sha256"
      ],
      "hosting": {
        "axodotdev": {
          "package": "axolotlsay",
          "public_id": "fake-id-do-not-upload",
          "set_download_url": "https://fake.axo.dev/faker/axolotlsay/fake-id-do-not-upload",
          "upload_url": null,
          "release_url": null,
          "announce_url": null
        }
      }
    }
  ],
  "artifacts": {
    "axolotlsay-aarch64-apple-darwin.tar.xz": {
      "name": "axolotlsay-aarch64-apple-darwin.tar.xz",
      "kind": "executable-zip",
      "target_triples": [
        "aarch64-apple-darwin"
      ],
      "assets": [
        {
          "name": "CHANGELOG.md",
          "path": "CHANGELOG.md",
          "kind": "changelog"
        },
        {
          "name": "LICENSE-APACHE",
          "path": "LICENSE-APACHE",
          "kind": "license"
        },
        {
          "name": "LICENSE-MIT",
          "path": "LICENSE-MIT",
          "kind": "license"
        },
        {
          "name": "README.md",
          "path": "README.md",
          "kind": "readme"
        },
        {
          "id": "axolotlsay-aarch64-apple-darwin-exe-axolotlsay",
          "name": "axolotlsay",
          "path": "axolotlsay",
          "kind": "executable"
        }
      ],
      "checksum": "axolotlsay-aarch64-apple-darwin.tar.xz.sha256"
    },
    "axolotlsay-aarch64-apple-darwin.tar.xz.sha256": {
      "name": "axolotlsay-aarch64-apple-darwin.tar.xz.sha256",
      "kind": "checksum",
      "target_triples": [
        "aarch64-apple-darwin"
      ]
    },
    "axolotlsay-x86_64-apple-darwin.tar.xz": {
      "name": "axolotlsay-x86_64-apple-darwin.tar.xz",
      "kind": "executable-zip",
      "target_triples": [
        "x86_64-apple-darwin"
      ],
      "assets": [
        {
          "name": "CHANGELOG.md",
          "path": "CHANGELOG.md",
          "kind": "changelog"
        },
        {
          "name": "LICENSE-APACHE",
          "path": "LICENSE-APACHE",
          "kind": "license"
        },
        {
          "name": "LICENSE-MIT",
          "path": "LICENSE-MIT",
          "kind": "license"
        },
        {
          "name": "README.md",
          "path": "README.md",
          "kind": "readme"
        },
        {
          "id": "axolotlsay-x86_64-apple-darwin-exe-axolotlsay",
          "name": "axolotlsay",
          "path": "axolotlsay",
          "kind": "executable"
        }
      ],
      "checksum": "axolotlsay-x86_64-apple-darwin.tar.xz.sha256"
    },
    "axolotlsay-x86_64-apple-darwin.tar.xz.sha256": {
      "name": "axolotlsay-x86_64-apple-darwin.tar.xz.sha256",
      "kind": "checksum",
      "target_triples": [
        "x86_64-apple-darwin"
      ]
    },
    "axolotlsay-x86_64-pc-windows-msvc.zip": {
      "name": "axolotlsay-x86_64-pc-windows-msvc.zip",
      "kind": "executable-zip",
      "target_triples": [
        "x86_64-pc-windows-msvc"
      ],
      "assets": [
        {
          "name": "CHANGELOG.md",
          "path": "CHANGELOG.md",
          "kind": "changelog"
        },
        {
          "name": "LICENSE-APACHE",
          "path": "LICENSE-APACHE",
          "kind": "license"
        },
        {
          "name": "LICENSE-MIT",
          "path": "LICENSE-MIT",
          "kind": "license"
        },
        {
          "name": "README.md",
          "path": "README.md",
          "kind": "readme"
        },
        {
          "id": "axolotlsay-x86_64-pc-windows-msvc-exe-axolotlsay",
          "name": "axolotlsay",
          "path": "axolotlsay.exe",
          "kind": "executable"
        }
      ],
      "checksum": "axolotlsay-x86_64-pc-windows-msvc.zip.sha256"
    },
    "axolotlsay-x86_64-pc-windows-msvc.zip.sha256": {
      "name": "axolotlsay-x86_64-pc-windows-msvc.zip.sha256",
      "kind": "checksum",
      "target_triples": [
        "x86_64-pc-windows-msvc"
      ]
    },
    "axolotlsay-x86_64-unknown-linux-gnu.tar.xz": {
      "name": "axolotlsay-x86_64-unknown-linux-gnu.tar.xz",
      "kind": "executable-zip",
      "target_triples": [
        "x86_64-unknown-linux-gnu"
      ],
      "assets": [
        {
          "name": "CHANGELOG.md",
          "path": "CHANGELOG.md",
          "kind": "changelog"
        },
        {
          "name": "LICENSE-APACHE",
          "path": "LICENSE-APACHE",
          "kind": "license"
        },
        {
          "name": "LICENSE-MIT",
          "path": "LICENSE-MIT",
          "kind": "license"
        },
        {
          "name": "README.md",
          "path": "README.md",
          "kind": "readme"
        },
        {
          "id": "axolotlsay-x86_64-unknown-linux-gnu-exe-axolotlsay",
          "name": "axolotlsay",
          "path": "axolotlsay",
          "kind": "executable"
        }
      ],
      "checksum": "axolotlsay-x86_64-unknown-linux-gnu.tar.xz.sha256"
    },
    "axolotlsay-x86_64-unknown-linux-gnu.tar.xz.sha256": {
      "name": "axolotlsay-x86_64-unknown-linux-gnu.tar.xz.sha256",
      "kind": "checksum",
      "target_triples": [
        "x86_64-unknown-linux-gnu"
      ]
    },
    "sha256.sum": {
      "name": "sha256.sum",
      "kind": "unified-checksum"
    },
    "source.tar.gz": {
      "name": "source.tar.gz",
      "kind": "source-tarball",
      "checksum": "source.tar.gz.sha256"
    },
    "source.tar.gz.sha256": {
      "name": "source.tar.gz.sha256",
      "kind": "checksum"
    }
  },
  "systems": {
    "plan:all:": {
      "id": "plan:all:",
      "cargo_version_line": "CENSORED"
      "build_environment": "indeterminate"
    }
  },
  "publish_prereleases": false,
  "force_latest": false,
  "ci": {
    "github": {
      "artifacts_matrix": {
        "include": [
          {
            "runner": "macos-13",
            "host": "x86_64-apple-darwin",
            "install_dist": {
              "shell": "sh",
              "run": "curl --proto '=https' --tlsv1.2 -LsSf https://github.com/axodotdev/cargo-dist/releases/download/vSOME_VERSION/cargo-dist-installer.sh | sh"
            },
            "dist_args": "--artifacts=local --target=aarch64-apple-darwin",
            "targets": [
              "aarch64-apple-darwin"
            ],
            "cache_provider": "github"
          },
          {
            "runner": "macos-13",
            "host": "x86_64-apple-darwin",
            "install_dist": {
              "shell": "sh",
              "run": "curl --proto '=https' --tlsv1.2 -LsSf https://github.com/axodotdev/cargo-dist/releases/download/vSOME_VERSION/cargo-dist-installer.sh | sh"
            },
            "dist_args": "--artifacts=local --target=x86_64-apple-darwin",
            "targets": [
              "x86_64-apple-darwin"
            ],
            "cache_provider": "github"
          },
          {
            "runner": "windows-2022",
            "host": "x86_64-pc-windows-msvc",
            "install_dist": {
              "shell": "pwsh",
              "run": "irm https://github.com/axodotdev/cargo-dist/releases/download/vSOME_VERSION/cargo-dist-installer.ps1 | iex"
            },
            "dist_args": "--artifacts=local --target=x86_64-pc-windows-msvc",
            "targets": [
              "x86_64-pc-windows-msvc"
            ],
            "cache_provider": "github"
          },
          {
            "runner": "ubuntu-22.04",
            "host": "x86_64-unknown-linux-gnu",
            "install_dist": {
              "shell": "sh",
              "run": "curl --proto '=https' --tlsv1.2 -LsSf https://github.com/axodotdev/cargo-dist/releases/download/vSOME_VERSION/cargo-dist-installer.sh | sh"
            },
            "dist_args": "--artifacts=local --target=x86_64-unknown-linux-gnu",
            "targets": [
              "x86_64-unknown-linux-gnu"
            ],
            "cache_provider": "github"
          }
        ]
      },
      "pr_run_mode": "plan"
    }
  },
  "linkage": [],
  "upload_files": []
}

================ release.yml ================
# This file was autogenerated by dist: https://axodotdev.github.io/cargo-dist
#
# Copyright 2022-2024, axodotdev
# SPDX-License-Identifier: MIT or Apache-2.0
#
# CI that:
#
# * checks for a Git Tag that looks like a release
# * builds artifacts with dist (archives, installers, hashes)
# * uploads those artifacts to temporary workflow zip
# * on success, uploads the artifacts to Axo Releases and makes an Announcement

name: Release
permissions:
  "contents": "write"

# This task will run whenever you workflow_dispatch with a tag that looks like a version
# like "1.0.0", "v0.1.0-prerelease.1", "my-app/0.1.0", "releases/v1.0.0", etc.
# Various formats will be parsed into a VERSION and an optional PACKAGE_NAME, where
# PACKAGE_NAME must be the name of a Cargo package in your workspace, and VERSION
# must be a Cargo-style SemVer Version (must have at least major.minor.patch).
#
# If PACKAGE_NAME is specified, then the announcement will be for that
# package (erroring out if it doesn't have the given version or isn't dist-able).
#
# If PACKAGE_NAME isn't specified, then the announcement will be for all
# (dist-able) packages in the workspace with that version (this mode is
# intended for workspaces with only one dist-able package, or with all dist-able
# packages versioned/released in lockstep).
#
# If you push multiple tags at once, separate instances of this workflow will
# spin up, creating an independent announcement for each one. However, GitHub
# will hard limit this to 3 tags per commit, as it will assume more tags is a
# mistake.
#
# If there's a prerelease-style suffix to the version, then the release(s)
# will be marked as a prerelease.
on:
  pull_request:
  workflow_dispatch:
    inputs:
      tag:
        description: Release Tag
        required: true
        default: dry-run
        type: string

jobs:
  # Run 'dist plan' (or host) to determine what tasks we need to do
  plan:
    runs-on: "ubuntu-22.04"
    outputs:
      val: ${{ steps.plan.outputs.manifest }}
      tag: ${{ (inputs.tag != 'dry-run' && inputs.tag) || '' }}
      tag-flag: ${{ inputs.tag && inputs.tag != 'dry-run' && format('--tag={0}', inputs.tag) || '' }}
      publishing: ${{ inputs.tag && inputs.tag != 'dry-run' }}
    env:
      GH_TOKEN: ${{ secrets.GITHUB_TOKEN }}
      AXO_RELEASES_TOKEN: ${{ secrets.AXO_RELEASES_TOKEN }}
    steps:
      - uses: actions/checkout@v4
        with:
          persist-credentials: false
          submodules: recursive
      - name: Install dist
        # we specify bash to get pipefail; it guards against the `curl` command
        # failing. otherwise `sh` won't catch that `curl` returned non-0
        shell: bash
        run: "curl --proto '=https' --tlsv1.2 -LsSf https://github.com/axodotdev/cargo-dist/releases/download/vSOME_VERSION/cargo-dist-installer.sh | sh"
      - name: Cache dist
        uses: actions/upload-artifact@v4
        with:
          name: cargo-dist-cache
          path: ~/.cargo/bin/dist
      # sure would be cool if github gave us proper conditionals...
      # so here's a doubly-nested ternary-via-truthiness to try to provide the best possible
      # functionality based on whether this is a pull_request, and whether it's from a fork.
      # (PRs run on the *source* but secrets are usually on the *target* -- that's *good*
      # but also really annoying to build CI around when it needs secrets to work right.)
      - id: plan
        run: |
          dist ${{ (inputs.tag && inputs.tag != 'dry-run' && format('host --steps=create --tag={0}', inputs.tag)) || (env.AXO_RELEASES_TOKEN && 'host --steps=check') || 'plan' }} --output-format=json > plan-dist-manifest.json
          echo "dist ran successfully"
          cat plan-dist-manifest.json
          echo "manifest=$(jq -c "." plan-dist-manifest.json)" >> "$GITHUB_OUTPUT"
      - name: "Upload dist-manifest.json"
        uses: actions/upload-artifact@v4
        with:
          name: artifacts-plan-dist-manifest
          path: plan-dist-manifest.json

  # Build and packages all the platform-specific things
  build-local-artifacts:
    name: build-local-artifacts (${{ join(matrix.targets, ', ') }})
    # Let the initial task tell us to not run (currently very blunt)
    needs:
      - plan
    if: ${{ fromJson(needs.plan.outputs.val).ci.github.artifacts_matrix.include != null && (needs.plan.outputs.publishing == 'true' || fromJson(needs.plan.outputs.val).ci.github.pr_run_mode == 'upload') || inputs.tag == 'dry-run' }}
    strategy:
      fail-fast: false
      # Target platforms/runners are computed by dist in create-release.
      # Each member of the matrix has the following arguments:
      #
      # - runner: the github runner
      # - dist-args: cli flags to pass to dist
      # - install-dist: expression to run to install dist on the runner
      #
      # Typically there will be:
      # - 1 "global" task that builds universal installers
      # - N "local" tasks that build each platform's binaries and platform-specific installers
      matrix: ${{ fromJson(needs.plan.outputs.val).ci.github.artifacts_matrix }}
    runs-on: ${{ matrix.runner }}
    container: ${{ matrix.container && matrix.container.image || null }}
    env:
      GH_TOKEN: ${{ secrets.GITHUB_TOKEN }}
      BUILD_MANIFEST_NAME: target/distrib/${{ join(matrix.targets, '-') }}-dist-manifest.json
    steps:
      - name: enable windows longpaths
        run: |
          git config --global core.longpaths true
      - uses: actions/checkout@v4
        with:
          persist-credentials: false
          submodules: recursive
      - name: Install Rust non-interactively if not already installed
        if: ${{ matrix.container }}
        run: |
          if ! command -v cargo > /dev/null 2>&1; then
            curl --proto '=https' --tlsv1.2 -sSf https://sh.rustup.rs | sh -s -- -y
            echo "$HOME/.cargo/bin" >> $GITHUB_PATH
          fi
      - name: Install dist
        run: ${{ matrix.install_dist.run }}
      # Get the dist-manifest
      - name: Fetch local artifacts
        uses: actions/download-artifact@v4
        with:
          pattern: artifacts-*
          path: target/distrib/
          merge-multiple: true
      - name: Install dependencies
        run: |
          ${{ matrix.packages_install }}
      - name: Build artifacts
        run: |
          # Actually do builds and make zips and whatnot
          dist build ${{ needs.plan.outputs.tag-flag }} --print=linkage --output-format=json ${{ matrix.dist_args }} > dist-manifest.json
          echo "dist ran successfully"
      - id: cargo-dist
        name: Post-build
        # We force bash here just because github makes it really hard to get values up
        # to "real" actions without writing to env-vars, and writing to env-vars has
        # inconsistent syntax between shell and powershell.
        shell: bash
        run: |
          # Parse out what we just built and upload it to scratch storage
          echo "paths<<EOF" >> "$GITHUB_OUTPUT"
          dist print-upload-files-from-manifest --manifest dist-manifest.json >> "$GITHUB_OUTPUT"
          echo "EOF" >> "$GITHUB_OUTPUT"

          cp dist-manifest.json "$BUILD_MANIFEST_NAME"
      - name: "Upload artifacts"
        uses: actions/upload-artifact@v4
        with:
          name: artifacts-build-local-${{ join(matrix.targets, '_') }}
          path: |
            ${{ steps.cargo-dist.outputs.paths }}
            ${{ env.BUILD_MANIFEST_NAME }}

  # Build and package all the platform-agnostic(ish) things
  build-global-artifacts:
    needs:
      - plan
      - build-local-artifacts
    runs-on: "ubuntu-22.04"
    env:
      GH_TOKEN: ${{ secrets.GITHUB_TOKEN }}
      BUILD_MANIFEST_NAME: target/distrib/global-dist-manifest.json
    steps:
      - uses: actions/checkout@v4
        with:
          persist-credentials: false
          submodules: recursive
      - name: Install cached dist
        uses: actions/download-artifact@v4
        with:
          name: cargo-dist-cache
          path: ~/.cargo/bin/
      - run: chmod +x ~/.cargo/bin/dist
      # Get all the local artifacts for the global tasks to use (for e.g. checksums)
      - name: Fetch local artifacts
        uses: actions/download-artifact@v4
        with:
          pattern: artifacts-*
          path: target/distrib/
          merge-multiple: true
      - id: cargo-dist
        shell: bash
        run: |
          dist build ${{ needs.plan.outputs.tag-flag }} --output-format=json "--artifacts=global" > dist-manifest.json
          echo "dist ran successfully"

          # Parse out what we just built and upload it to scratch storage
          echo "paths<<EOF" >> "$GITHUB_OUTPUT"
          jq --raw-output ".upload_files[]" dist-manifest.json >> "$GITHUB_OUTPUT"
          echo "EOF" >> "$GITHUB_OUTPUT"

          cp dist-manifest.json "$BUILD_MANIFEST_NAME"
      - name: "Upload artifacts"
        uses: actions/upload-artifact@v4
        with:
          name: artifacts-build-global
          path: |
            ${{ steps.cargo-dist.outputs.paths }}
            ${{ env.BUILD_MANIFEST_NAME }}
  # Uploads the artifacts to Axo Releases and tentatively creates Releases for them.
  # This makes perma URLs like /v1.0.0/ live for subsequent publish steps to use, but
  # leaves them "disconnected" from the release history (for the purposes of
  # "list the releases" or "give me the latest releases").
  #
  # If all the subsequent "publish" steps succeed, the "announce" job will "connect"
  # the releases and concepts like "latest" will be updated. Otherwise you're hopefully
  # in a decent position to roll back the release without anyone noticing it!
  # This is imperfect with things like "publish to crates.io" being irreversible, but
  # at worst you're in a better position to yank the version with minimum disruption.
  host:
    needs:
      - plan
      - build-local-artifacts
      - build-global-artifacts
    # Only run if we're "publishing", and only if local and global didn't fail (skipped is fine)
    if: ${{ always() && needs.plan.outputs.publishing == 'true' && (needs.build-global-artifacts.result == 'skipped' || needs.build-global-artifacts.result == 'success') && (needs.build-local-artifacts.result == 'skipped' || needs.build-local-artifacts.result == 'success') }}
    env:
      GH_TOKEN: ${{ secrets.GITHUB_TOKEN }}
      AXO_RELEASES_TOKEN: ${{ secrets.AXO_RELEASES_TOKEN }}
    runs-on: "ubuntu-22.04"
    outputs:
      val: ${{ steps.host.outputs.manifest }}
    steps:
      - uses: actions/checkout@v4
        with:
          persist-credentials: false
          submodules: recursive
      - name: Install cached dist
        uses: actions/download-artifact@v4
        with:
          name: cargo-dist-cache
          path: ~/.cargo/bin/
      - run: chmod +x ~/.cargo/bin/dist
      # Fetch artifacts from scratch-storage
      - name: Fetch artifacts
        uses: actions/download-artifact@v4
        with:
          pattern: artifacts-*
          path: target/distrib/
          merge-multiple: true
      # Upload files to Axo Releases and create the Releases
      - id: host
        shell: bash
        run: |
          dist host ${{ needs.plan.outputs.tag-flag }} --steps=upload --steps=release --output-format=json > dist-manifest.json
          echo "artifacts uploaded and released successfully"
          cat dist-manifest.json
          echo "manifest=$(jq -c "." dist-manifest.json)" >> "$GITHUB_OUTPUT"
      - name: "Upload dist-manifest.json"
        uses: actions/upload-artifact@v4
        with:
          # Overwrite the previous copy
          name: artifacts-dist-manifest
          path: dist-manifest.json

  # Create an Announcement for all the Axo Releases, updating the "latest" release
  announce:
    needs:
      - plan
      - host
    # use "always() && ..." to allow us to wait for all publish jobs while
    # still allowing individual publish jobs to skip themselves (for prereleases).
    # "host" however must run to completion, no skipping allowed!
    if: ${{ always() && needs.host.result == 'success' }}
    runs-on: "ubuntu-22.04"
    env:
      GH_TOKEN: ${{ secrets.GITHUB_TOKEN }}
      AXO_RELEASES_TOKEN: ${{ secrets.AXO_RELEASES_TOKEN }}
    steps:
      - uses: actions/checkout@v4
        with:
          persist-credentials: false
          submodules: recursive
      - name: Install cached dist
        uses: actions/download-artifact@v4
        with:
          name: cargo-dist-cache
          path: ~/.cargo/bin/
      - run: chmod +x ~/.cargo/bin/dist
      - name: Fetch Axo Artifacts
        uses: actions/download-artifact@v4
        with:
          pattern: artifacts-*
          path: target/distrib/
          merge-multiple: true
      - name: Announce Axo Releases
        run: |
          dist host --steps=announce ${{ needs.plan.outputs.tag-flag }}
