---
source: cargo-dist/tests/cli-tests.rs
expression: format_outputs(&output)
---
stdout:
{
  "dist_version": "1.0.0-FAKEVERSION",
  "announcement_tag": "CENSORED",
  "announcement_is_prerelease": "CENSORED"
  "announcement_title": "CENSORED"
  "announcement_changelog": "CENSORED"
  "announcement_github_body": "CENSORED"
  "system_info": {
    "cargo_version_line": "CENSORED"
  },
  "releases": [
    {
      "app_name": "cargo-dist-schema",
      "app_version": "1.0.0-FAKEVERSION",
      "hosting": {
        "github": {
          "artifact_download_url": "https://github.com/axodotdev/cargo-dist/releases/download/cargo-dist-schema-v1.0.0-FAKEVERSION"
        }
      }
    }
  ],
  "publish_prereleases": false,
  "ci": {
    "github": {
      "artifacts_matrix": {},
      "pr_run_mode": "upload"
    }
  },
  "linkage": []
}

stderr:

